missing withRetry at org.apache.spark.sql.rapids.execution.GpuBroadcastExchangeExecBase.$anonfun$relationFuture$3:402
missing withRetry at org.apache.spark.sql.rapids.execution.GpuHashJoin.doJoin:1189
missing withRetry at org.apache.spark.sql.rapids.execution.GpuHashJoin.$anonfun$doJoin$3:1193
missing withRetry at com.nvidia.spark.rapids.MultiJoinGather.gatherNext:755
missing withRetry at com.nvidia.spark.rapids.MultiJoinGather.$anonfun$gatherNext$4:756
missing withRetry at com.nvidia.spark.rapids.MultiFileCoalescingPartitionReaderBase.$anonfun$readBatch$5:1094
missing withRetry at com.nvidia.spark.rapids.AggHelper.$anonfun$aggregateWithoutCombine$3:493
missing withRetry at com.nvidia.spark.rapids.GpuGenerateExec.getSplits:915
missing withRetry at com.nvidia.spark.rapids.GpuExplodeBase.$anonfun$generate$6:680
missing withRetry at com.nvidia.spark.rapids.SplittableJoinIterator.$anonfun$setupNextGatherer$3:250
missing withRetry at org.apache.spark.sql.rapids.execution.GpuBroadcastNestedLoopJoinExecBase.$anonfun$buildSidePostProjection$1:596
missing withRetry at org.apache.spark.sql.rapids.execution.GpuBroadcastNestedLoopJoinExecBase.$anonfun$doConditionalJoin$1:802
missing withRetry at org.apache.spark.sql.rapids.execution.GpuBroadcastNestedLoopJoinExecBase.$anonfun$doConditionalJoin$4:797
missing withRetry at com.nvidia.spark.rapids.GpuTopN$.sortAndTakeNClose:251
missing withRetry at com.nvidia.spark.rapids.GpuSorter.fullySortBatch:376
missing withRetry at com.nvidia.spark.rapids.GpuTopN$.$anonfun$sortAndTakeNClose$1:252
missing withRetry at com.nvidia.spark.rapids.SamplingUtils$.reservoirSampleAndCount:175
missing withRetry at com.nvidia.spark.rapids.SamplingUtils$.reservoirSampleAndCount:224
missing withRetry at com.nvidia.spark.rapids.SamplingUtils$.reservoirSampleAndCount:228
missing withRetry at com.nvidia.spark.rapids.GpuSpillableProjectedSortEachBatchIterator$.$anonfun$apply$4:222
missing withRetry at com.nvidia.spark.rapids.GpuSorter.appendProjectedAndSort:356
missing withRetry at org.apache.spark.sql.rapids.execution.GpuBroadcastToRowExec.projectSerializedBatch:89
missing withRetry at org.apache.spark.sql.rapids.execution.GpuSubqueryBroadcastExec.projectSerializedBatchToRows:264
missing withRetry at com.nvidia.spark.rapids.BatchWithPartitionDataUtils$.addPartitionValuesToBatch:181
missing withRetry at com.nvidia.spark.rapids.BatchWithPartitionData.mergeWithPartitionData:73
missing withRetry at com.nvidia.spark.rapids.BatchWithPartitionData.$anonfun$mergeWithPartitionData$1:81
missing withRetry at com.nvidia.spark.rapids.MultiFileCoalescingPartitionReaderBase.$anonfun$readBatch$5:1094
missing withRetry at com.nvidia.spark.rapids.GpuProjectAstExec$$anon$1.$anonfun$next$12:769
missing withRetry at com.nvidia.spark.rapids.AggHelper.$anonfun$aggregateWithoutCombine$3:493
missing withRetry at org.apache.spark.sql.rapids.execution.GpuBroadcastExchangeExecBase.$anonfun$relationFuture$3:402
missing withRetry at org.apache.spark.sql.rapids.execution.GpuHashJoin.doJoin:1189
missing withRetry at org.apache.spark.sql.rapids.execution.GpuHashJoin.$anonfun$doJoin$3:1193
missing withRetry at com.nvidia.spark.rapids.MultiJoinGather.gatherNext:755
missing withRetry at com.nvidia.spark.rapids.MultiJoinGather.$anonfun$gatherNext$4:756
missing withRetry at com.nvidia.spark.rapids.SamplingUtils$.reservoirSampleAndCount:175
missing withRetry at com.nvidia.spark.rapids.SamplingUtils$.reservoirSampleAndCount:224
missing withRetry at com.nvidia.spark.rapids.SamplingUtils$.reservoirSampleAndCount:228
missing withRetry at com.nvidia.spark.rapids.GpuSpillableProjectedSortEachBatchIterator$.$anonfun$apply$4:222
missing withRetry at com.nvidia.spark.rapids.GpuSorter.appendProjectedAndSort:356
missing withRetry at com.nvidia.spark.rapids.ColumnarOutputWriter.$anonfun$writeSpillableAndClose$1:207
missing withRetry at com.nvidia.spark.rapids.GpuParquetWriter.transformAndClose:337
missing withRetry at com.nvidia.spark.rapids.ColumnarOutputWriter.$anonfun$bufferBatchAndClose$1:245
missing withRetry at com.nvidia.spark.rapids.MultiFileCoalescingPartitionReaderBase.$anonfun$readBatch$5:1094
missing withRetry at com.nvidia.spark.rapids.AggHelper.$anonfun$aggregateWithoutCombine$3:493
missing withRetry at com.nvidia.spark.rapids.MultiFileCoalescingPartitionReaderBase.$anonfun$readBatch$5:1094
missing withRetry at org.apache.spark.sql.rapids.execution.GpuSubqueryBroadcastExec.projectSerializedBatchToRows:264
missing withRetry at com.nvidia.spark.rapids.BatchWithPartitionDataUtils$.addPartitionValuesToBatch:181
missing withRetry at com.nvidia.spark.rapids.BatchWithPartitionData.mergeWithPartitionData:73
missing withRetry at com.nvidia.spark.rapids.BatchWithPartitionData.$anonfun$mergeWithPartitionData$1:81
missing withRetry at com.nvidia.spark.rapids.AggHelper.$anonfun$aggregateWithoutCombine$3:493
missing withRetry at com.nvidia.spark.rapids.BatchWithPartitionDataUtils$.addPartitionValuesToBatch:181
missing withRetry at com.nvidia.spark.rapids.BatchWithPartitionData.mergeWithPartitionData:73
missing withRetry at com.nvidia.spark.rapids.BatchWithPartitionData.$anonfun$mergeWithPartitionData$1:81
missing withRetry at com.nvidia.spark.rapids.AggHelper.$anonfun$aggregateWithoutCombine$3:493
missing withRetry at com.nvidia.spark.rapids.SpillableHostConcatResultFromColumnarBatchIterator.next:1197
missing withRetry at com.nvidia.spark.rapids.GpuShuffledSizedHashJoinExec.doSmallBuildJoin:500
missing withRetry at com.nvidia.spark.rapids.GpuShuffledSizedHashJoinExec$$anon$1.next:478
missing withRetry at com.nvidia.spark.rapids.MultiJoinGather.gatherNext:755
missing withRetry at com.nvidia.spark.rapids.MultiJoinGather.$anonfun$gatherNext$4:756
missing withRetry at com.nvidia.spark.rapids.SamplingUtils$.randomResample:93
missing withRetry at com.nvidia.spark.rapids.SamplingUtils$.randomResample:129
missing withRetry at com.nvidia.spark.rapids.SamplingUtils$.randomResample:133
missing withRetry at com.nvidia.spark.rapids.AggHelper.$anonfun$aggregateWithoutCombine$3:493
missing withRetry at com.nvidia.spark.rapids.SamplingUtils$.reservoirSampleAndCount:175
missing withRetry at com.nvidia.spark.rapids.SamplingUtils$.reservoirSampleAndCount:224
missing withRetry at com.nvidia.spark.rapids.SamplingUtils$.reservoirSampleAndCount:228
missing withRetry at com.nvidia.spark.rapids.GpuSpillableProjectedSortEachBatchIterator$.$anonfun$apply$4:222
missing withRetry at com.nvidia.spark.rapids.GpuSorter.appendProjectedAndSort:356
missing withRetry at com.nvidia.spark.rapids.SplittableJoinIterator.$anonfun$setupNextGatherer$3:250
missing withRetry at com.nvidia.spark.rapids.BatchWithPartitionDataUtils$.addPartitionValuesToBatch:181
missing withRetry at com.nvidia.spark.rapids.BatchWithPartitionData.mergeWithPartitionData:73
missing withRetry at com.nvidia.spark.rapids.BatchWithPartitionData.$anonfun$mergeWithPartitionData$1:81
missing withRetry at com.nvidia.spark.rapids.SamplingUtils$.reservoirSampleAndCount:175
missing withRetry at com.nvidia.spark.rapids.SamplingUtils$.$anonfun$reservoirSampleAndCount$2:195
missing withRetry at com.nvidia.spark.rapids.SamplingUtils$.$anonfun$reservoirSampleAndCount$3:197
missing withRetry at com.nvidia.spark.rapids.SamplingUtils$.reservoirSampleAndCount:224
missing withRetry at com.nvidia.spark.rapids.SamplingUtils$.reservoirSampleAndCount:228
missing withRetry at com.nvidia.spark.rapids.GpuSpillableProjectedSortEachBatchIterator$.$anonfun$apply$4:222
missing withRetry at com.nvidia.spark.rapids.GpuSorter.appendProjectedAndSort:356
missing withRetry at com.nvidia.spark.rapids.SamplingUtils$.$anonfun$reservoirSampleAndCount$2:195
missing withRetry at com.nvidia.spark.rapids.SamplingUtils$.$anonfun$reservoirSampleAndCount$3:197
missing withRetry at com.nvidia.spark.rapids.ColumnarOutputWriter.$anonfun$writeSpillableAndClose$1:207
missing withRetry at com.nvidia.spark.rapids.GpuParquetWriter.transformAndClose:337
missing withRetry at com.nvidia.spark.rapids.ColumnarOutputWriter.$anonfun$bufferBatchAndClose$1:245
missing withRetry at org.apache.spark.sql.rapids.GpuHiveHash.columnarEval:172
missing withRetry at com.nvidia.spark.rapids.GpuSorter.appendProjectedColumns:154
missing withRetry at org.apache.spark.sql.rapids.GpuDynamicPartitionDataSingleWriter.splitBatchByKeyAndClose:503
missing withRetry at org.apache.spark.sql.rapids.GpuDynamicPartitionDataSingleWriter.getKeysBatch:435
missing withRetry at org.apache.spark.sql.rapids.GpuDynamicPartitionDataSingleWriter.$anonfun$getKeysBatch$1:437
missing withRetry at org.apache.spark.sql.rapids.GpuDynamicPartitionDataSingleWriter.$anonfun$splitBatchByKeyAndClose$3:509
missing withRetry at org.apache.spark.sql.rapids.GpuDynamicPartitionDataSingleWriter.copyToHostAsBatch:492
missing withRetry at org.apache.spark.sql.rapids.GpuDynamicPartitionDataSingleWriter.$anonfun$splitBatchByKeyAndClose$14:536
missing withRetry at com.nvidia.spark.rapids.ColumnarOutputWriter.$anonfun$writeSpillableAndClose$1:207
missing withRetry at com.nvidia.spark.rapids.GpuParquetWriter.transformAndClose:337
missing withRetry at com.nvidia.spark.rapids.ColumnarOutputWriter.$anonfun$bufferBatchAndClose$1:245
missing withRetry at org.apache.spark.sql.rapids.execution.GpuBroadcastNestedLoopJoinExecBase.$anonfun$doUnconditionalJoin$1:654
missing withRetry at org.apache.spark.sql.rapids.execution.EmptyOuterNestedLoopJoinIterator.next:846
missing withRetry at org.apache.spark.sql.rapids.execution.EmptyOuterNestedLoopJoinIterator.$anonfun$next$6:847
missing withRetry at org.apache.spark.sql.rapids.execution.GpuBroadcastNestedLoopJoinExecBase.$anonfun$doUnconditionalJoin$4:649
missing withRetry at org.apache.spark.sql.rapids.execution.GpuBroadcastExchangeExecBase.$anonfun$relationFuture$3:402
missing withRetry at com.nvidia.spark.rapids.AggHelper.$anonfun$aggregateWithoutCombine$3:493
missing withRetry at com.nvidia.spark.rapids.GpuShuffledHashJoinExec$.$anonfun$getFilterFunc$1:390
missing withRetry at org.apache.spark.sql.rapids.execution.GpuHashJoin.doJoin:1189
missing withRetry at org.apache.spark.sql.rapids.execution.GpuHashJoin.$anonfun$doJoin$3:1193
missing withRetry at com.nvidia.spark.rapids.SplittableJoinIterator.$anonfun$setupNextGatherer$3:250
missing withRetry at scala.Option.foreach:407
missing withRetry at org.apache.spark.sql.rapids.execution.GpuSubPartitionHashJoin$$anon$2.$anonfun$setupJoinIterator$6:605
missing withRetry at com.nvidia.spark.rapids.MultiJoinGather.gatherNext:755
missing withRetry at com.nvidia.spark.rapids.MultiJoinGather.$anonfun$gatherNext$4:756
missing withRetry at com.nvidia.spark.rapids.SpillableHostConcatResultFromColumnarBatchIterator.next:1197
missing withRetry at com.nvidia.spark.rapids.GpuShuffledSizedHashJoinExec.doSmallBuildJoin:500
missing withRetry at com.nvidia.spark.rapids.GpuShuffledSizedHashJoinExec$$anon$1.next:478
missing withRetry at com.nvidia.spark.rapids.BuildSidePartitioner.getBuildBatch:1466
missing withRetry at com.nvidia.spark.rapids.BigSizedJoinIterator$$anon$2.next:1741
missing withRetry at com.nvidia.spark.rapids.BigSizedJoinIterator$$anon$2.$anonfun$next$5:1744
missing withRetry at org.apache.spark.sql.rapids.execution.HashOuterJoinIterator.$anonfun$getFinalBatch$1:950
missing withRetry at org.apache.spark.sql.rapids.execution.HashOuterJoinIterator.$anonfun$getFinalBatch$2:951
missing withRetry at org.apache.spark.sql.rapids.execution.HashOuterJoinIterator.$anonfun$getFinalBatch$1:963
missing withRetry at org.apache.spark.sql.rapids.execution.HashOuterJoinIterator.$anonfun$getFinalBatch$7:969
missing withRetry at org.apache.spark.sql.rapids.execution.HashOuterJoinIterator.$anonfun$getFinalBatch$1:950
missing withRetry at org.apache.spark.sql.rapids.execution.HashOuterJoinIterator.$anonfun$getFinalBatch$2:951
missing withRetry at org.apache.spark.sql.rapids.execution.HashOuterJoinIterator.$anonfun$getFinalBatch$1:963
missing withRetry at org.apache.spark.sql.rapids.execution.HashOuterJoinIterator.$anonfun$getFinalBatch$7:969
missing withRetry at com.nvidia.spark.rapids.JoinGathererSameTable.getBitSizeMap:710
missing withRetry at org.apache.spark.sql.rapids.execution.GpuBroadcastExchangeExecBase.$anonfun$relationFuture$3:402
missing withRetry at org.apache.spark.sql.rapids.execution.GpuHashJoin.doJoin:1189
missing withRetry at org.apache.spark.sql.rapids.execution.GpuHashJoin.$anonfun$doJoin$3:1193
missing withRetry at org.apache.spark.sql.rapids.execution.SerializeConcatHostBuffersDeserializeBatch.$anonfun$doWriteObject$1:182
missing withRetry at com.nvidia.spark.rapids.GpuGenerateExec.getSplits:915
missing withRetry at com.nvidia.spark.rapids.GpuExplodeBase.$anonfun$generate$6:680
missing withRetry at com.nvidia.spark.rapids.GpuReplicateRows.$anonfun$generate$1:253
missing withRetry at org.apache.spark.sql.rapids.execution.GpuBroadcastExchangeExecBase.$anonfun$relationFuture$3:402
missing withRetry at org.apache.spark.sql.rapids.execution.GpuBroadcastNestedLoopJoinExecBase.$anonfun$buildSidePostProjection$1:596
missing withRetry at org.apache.spark.sql.rapids.execution.GpuBroadcastNestedLoopJoinExecBase.$anonfun$doConditionalJoin$1:802
missing withRetry at org.apache.spark.sql.rapids.execution.GpuBroadcastNestedLoopJoinExecBase.$anonfun$doConditionalJoin$4:797
missing withRetry at com.nvidia.spark.rapids.MultiJoinGather.gatherNext:755
missing withRetry at com.nvidia.spark.rapids.MultiJoinGather.$anonfun$gatherNext$4:756
missing withRetry at org.apache.spark.sql.rapids.execution.GpuBroadcastNestedLoopJoinExecBase.$anonfun$doUnconditionalJoin$1:654
missing withRetry at org.apache.spark.sql.rapids.execution.GpuBroadcastNestedLoopJoinExecBase.$anonfun$doUnconditionalJoin$4:649
missing withRetry at org.apache.spark.sql.rapids.execution.SerializeConcatHostBuffersDeserializeBatch.$anonfun$doWriteObject$1:182
missing withRetry at com.nvidia.spark.rapids.SpillableHostConcatResultFromColumnarBatchIterator.next:1197
missing withRetry at com.nvidia.spark.rapids.GpuShuffledSizedHashJoinExec.doSmallBuildJoin:500
missing withRetry at com.nvidia.spark.rapids.GpuShuffledSizedHashJoinExec$$anon$1.next:478
missing withRetry at org.apache.spark.sql.rapids.execution.HashOuterJoinIterator.$anonfun$getFinalBatch$1:950
missing withRetry at org.apache.spark.sql.rapids.execution.HashOuterJoinIterator.$anonfun$getFinalBatch$2:951
missing withRetry at org.apache.spark.sql.rapids.execution.HashOuterJoinIterator.$anonfun$getFinalBatch$1:963
missing withRetry at org.apache.spark.sql.rapids.execution.HashOuterJoinIterator.$anonfun$getFinalBatch$7:969
missing withRetry at com.nvidia.spark.rapids.GpuSpillableProjectedSortEachBatchIterator$.$anonfun$apply$4:222
missing withRetry at com.nvidia.spark.rapids.GpuSorter.appendProjectedAndSort:356
missing withRetry at com.nvidia.spark.rapids.GpuArrayTransformBase.projectAndExplode$1:233
missing withRetry at com.nvidia.spark.rapids.GpuArrayTransformBase.$anonfun$makeElementProjectBatch$2:235
missing withRetry at com.nvidia.spark.rapids.GpuArrayTransformBase.$anonfun$columnarEval$1:289
missing withRetry at com.nvidia.spark.rapids.GpuSorter.appendProjectedColumns:154
missing withRetry at org.apache.spark.sql.rapids.GpuMurmur3Hash$.compute:107
missing withRetry at com.nvidia.spark.rapids.GpuSorter.appendProjectedColumns:154
missing withRetry at org.apache.spark.sql.rapids.GpuDynamicPartitionDataSingleWriter.splitBatchByKeyAndClose:503
missing withRetry at org.apache.spark.sql.rapids.GpuDynamicPartitionDataSingleWriter.getKeysBatch:435
missing withRetry at org.apache.spark.sql.rapids.GpuDynamicPartitionDataSingleWriter.$anonfun$getKeysBatch$1:437
missing withRetry at org.apache.spark.sql.rapids.GpuDynamicPartitionDataSingleWriter.$anonfun$splitBatchByKeyAndClose$3:509
missing withRetry at org.apache.spark.sql.rapids.GpuDynamicPartitionDataSingleWriter.copyToHostAsBatch:492
missing withRetry at org.apache.spark.sql.rapids.GpuDynamicPartitionDataSingleWriter.$anonfun$splitBatchByKeyAndClose$14:536
missing withRetry at com.nvidia.spark.rapids.ColumnarOutputWriter.$anonfun$writeSpillableAndClose$1:207
missing withRetry at com.nvidia.spark.rapids.GpuParquetWriter.transformAndClose:337
missing withRetry at com.nvidia.spark.rapids.ColumnarOutputWriter.$anonfun$bufferBatchAndClose$1:245
missing withRetry at com.nvidia.spark.rapids.SamplingUtils$.$anonfun$reservoirSampleAndCount$2:195
missing withRetry at com.nvidia.spark.rapids.SamplingUtils$.$anonfun$reservoirSampleAndCount$3:197
missing withRetry at org.apache.spark.sql.rapids.execution.SerializeConcatHostBuffersDeserializeBatch.$anonfun$doWriteObject$1:182
missing withRetry at com.nvidia.spark.rapids.MultiFileCoalescingPartitionReaderBase.$anonfun$readBatch$5:1094
missing withRetry at com.nvidia.spark.rapids.GpuShuffledHashJoinExec$.$anonfun$getFilterFunc$1:390
missing withRetry at org.apache.spark.sql.rapids.execution.GpuHashJoin.doJoin:1189
missing withRetry at org.apache.spark.sql.rapids.execution.GpuHashJoin.$anonfun$doJoin$3:1193
missing withRetry at com.nvidia.spark.rapids.SplittableJoinIterator.$anonfun$setupNextGatherer$3:250
missing withRetry at org.apache.spark.sql.hive.rapids.AlphabeticallyReorderingColumnPartitionReader.get:419
missing withRetry at com.nvidia.spark.rapids.SpillableHostConcatResultFromColumnarBatchIterator.next:1197
missing withRetry at com.nvidia.spark.rapids.GpuShuffledSizedHashJoinExec.doSmallBuildJoin:500
missing withRetry at com.nvidia.spark.rapids.GpuShuffledSizedHashJoinExec$$anon$1.next:478
missing withRetry at org.apache.spark.sql.rapids.execution.HashOuterJoinIterator.$anonfun$getFinalBatch$1:950
missing withRetry at org.apache.spark.sql.rapids.execution.HashOuterJoinIterator.$anonfun$getFinalBatch$2:951
missing withRetry at org.apache.spark.sql.rapids.execution.HashOuterJoinIterator.$anonfun$getFinalBatch$1:963
missing withRetry at org.apache.spark.sql.rapids.execution.HashOuterJoinIterator.$anonfun$getFinalBatch$7:969
missing withRetry at com.nvidia.spark.rapids.ColumnarOutputWriter.writeSpillableAndClose:225
missing withRetry at org.apache.spark.sql.hive.rapids.GpuHiveTextWriter.transformAndClose:292
missing withRetry at org.apache.spark.sql.rapids.GpuCartesianRDD.$anonfun$compute$2:167
missing withRetry at org.apache.spark.sql.rapids.GpuCartesianRDD.$anonfun$compute$4:177
missing withRetry at com.nvidia.spark.rapids.SpillableHostConcatResultFromColumnarBatchIterator.next:1197
missing withRetry at com.nvidia.spark.rapids.GpuShuffledSizedHashJoinExec.doSmallBuildJoin:500
missing withRetry at com.nvidia.spark.rapids.GpuShuffledSizedHashJoinExec$$anon$1.next:478
missing withRetry at com.nvidia.spark.rapids.MultiJoinGather.gatherNext:755
missing withRetry at com.nvidia.spark.rapids.MultiJoinGather.$anonfun$gatherNext$4:756
missing withRetry at org.apache.spark.sql.rapids.execution.HashOuterJoinIterator.$anonfun$getFinalBatch$1:950
missing withRetry at org.apache.spark.sql.rapids.execution.HashOuterJoinIterator.$anonfun$getFinalBatch$2:951
missing withRetry at org.apache.spark.sql.rapids.execution.HashOuterJoinIterator.$anonfun$getFinalBatch$1:963
missing withRetry at org.apache.spark.sql.rapids.execution.HashOuterJoinIterator.$anonfun$getFinalBatch$7:969
missing withRetry at org.apache.spark.sql.rapids.execution.GpuBroadcastNestedLoopJoinExecBase.$anonfun$doUnconditionalJoin$1:654
missing withRetry at org.apache.spark.sql.rapids.execution.GpuBroadcastNestedLoopJoinExecBase.$anonfun$doUnconditionalJoin$4:649
missing withRetry at com.nvidia.spark.rapids.GpuGenerateExec.getSplits:915
missing withRetry at com.nvidia.spark.rapids.GpuJsonTuple.$anonfun$generate$1:64
missing withRetry at org.apache.spark.sql.rapids.execution.GpuBroadcastExchangeExecBase.$anonfun$relationFuture$3:402
missing withRetry at scala.Option.foreach:407
missing withRetry at org.apache.spark.sql.rapids.execution.GpuHashJoin.doJoin:1189
missing withRetry at org.apache.spark.sql.rapids.execution.GpuHashJoin.$anonfun$doJoin$3:1193
missing withRetry at org.apache.spark.sql.rapids.execution.GpuBroadcastNestedLoopJoinExecBase.$anonfun$doUnconditionalJoin$1:654
missing withRetry at org.apache.spark.sql.rapids.execution.GpuBroadcastNestedLoopJoinExecBase.$anonfun$doUnconditionalJoin$4:649
missing withRetry at org.apache.spark.sql.rapids.execution.SerializeConcatHostBuffersDeserializeBatch.$anonfun$doWriteObject$1:182
missing withRetry at com.nvidia.spark.rapids.SpillableColumnarBatchQueueIterator.next:1241
missing withRetry at com.nvidia.spark.rapids.BuildSidePartitioner.getBuildBatch:1466
missing withRetry at com.nvidia.spark.rapids.BigSizedJoinIterator$$anon$2.next:1741
missing withRetry at com.nvidia.spark.rapids.BigSizedJoinIterator$$anon$2.$anonfun$next$5:1744
missing withRetry at com.nvidia.spark.rapids.SplittableJoinIterator.$anonfun$setupNextGatherer$3:250
missing withRetry at scala.Option.foreach:407
missing withRetry at com.nvidia.spark.rapids.GpuSpillableProjectedSortEachBatchIterator$.$anonfun$apply$4:222
missing withRetry at com.nvidia.spark.rapids.GpuSorter.appendProjectedAndSort:356
missing withRetry at com.nvidia.spark.rapids.GpuSorter.appendProjectedColumns:154
missing withRetry at com.nvidia.spark.rapids.SamplingUtils$.reservoirSampleAndCount:175
missing withRetry at com.nvidia.spark.rapids.SamplingUtils$.reservoirSampleAndCount:224
missing withRetry at com.nvidia.spark.rapids.SamplingUtils$.reservoirSampleAndCount:228
missing withRetry at org.apache.spark.sql.rapids.GpuMurmur3Hash$.compute:107
missing withRetry at org.apache.spark.sql.rapids.GpuDynamicPartitionDataSingleWriter.splitBatchByKeyAndClose:503
missing withRetry at org.apache.spark.sql.rapids.GpuDynamicPartitionDataSingleWriter.getKeysBatch:435
missing withRetry at org.apache.spark.sql.rapids.GpuDynamicPartitionDataSingleWriter.$anonfun$getKeysBatch$1:437
missing withRetry at org.apache.spark.sql.rapids.GpuDynamicPartitionDataSingleWriter.$anonfun$splitBatchByKeyAndClose$3:509
missing withRetry at org.apache.spark.sql.rapids.GpuDynamicPartitionDataSingleWriter.copyToHostAsBatch:492
missing withRetry at org.apache.spark.sql.rapids.GpuDynamicPartitionDataSingleWriter.$anonfun$splitBatchByKeyAndClose$14:536
missing withRetry at com.nvidia.spark.rapids.SpillableColumnarBatchQueueIterator.next:1241
missing withRetry at scala.Option.foreach:407
missing withRetry at org.apache.spark.sql.rapids.execution.JoinBuildSideStats$.fromBatch:303
missing withRetry at com.nvidia.spark.rapids.GpuGenerateExec.getSplits:915
missing withRetry at com.nvidia.spark.rapids.GpuJsonTuple.$anonfun$generate$1:64
missing withRetry at org.apache.spark.sql.rapids.execution.GpuBroadcastNestedLoopJoinExecBase$$anon$1.$anonfun$next$1:387
missing withRetry at org.apache.spark.sql.rapids.execution.GpuSubPartitionHashJoin$$anon$2.$anonfun$setupJoinIterator$6:605
missing withRetry at com.nvidia.spark.rapids.GpuTopN$.sortAndTakeNClose:251
missing withRetry at com.nvidia.spark.rapids.GpuSorter.fullySortBatch:376
missing withRetry at com.nvidia.spark.rapids.GpuTopN$.$anonfun$sortAndTakeNClose$1:252
missing withRetry at com.nvidia.spark.rapids.GpuTopN$.$anonfun$concatAndClose$1:208
missing withRetry at com.nvidia.spark.rapids.GpuTopN$.$anonfun$concatAndClose$3:212
missing withRetry at com.nvidia.spark.rapids.GpuSpillableProjectedSortEachBatchIterator$.$anonfun$apply$4:222
missing withRetry at com.nvidia.spark.rapids.GpuSorter.appendProjectedAndSort:356
missing withRetry at com.nvidia.spark.rapids.SamplingUtils$.reservoirSampleAndCount:175
missing withRetry at com.nvidia.spark.rapids.SamplingUtils$.reservoirSampleAndCount:224
missing withRetry at com.nvidia.spark.rapids.SamplingUtils$.reservoirSampleAndCount:228
missing withRetry at com.nvidia.spark.rapids.SamplingUtils$.reservoirSampleAndCount:175
missing withRetry at com.nvidia.spark.rapids.SamplingUtils$.reservoirSampleAndCount:224
missing withRetry at com.nvidia.spark.rapids.SamplingUtils$.reservoirSampleAndCount:228
missing withRetry at com.nvidia.spark.rapids.window.GpuRunningWindowIterator.$anonfun$computeRunningAndClose$1:120
missing withRetry at com.nvidia.spark.rapids.window.BasicWindowCalc.$anonfun$computeBasicWindow$1:768
missing withRetry at com.nvidia.spark.rapids.window.GpuRunningWindowIterator.$anonfun$computeRunningAndClose$4:127
missing withRetry at com.nvidia.spark.rapids.SamplingUtils$.$anonfun$reservoirSampleAndCount$2:195
missing withRetry at com.nvidia.spark.rapids.SamplingUtils$.$anonfun$reservoirSampleAndCount$3:197
missing withRetry at com.nvidia.spark.rapids.GpuExplodeBase.$anonfun$generate$6:680
missing withRetry at com.nvidia.spark.rapids.MultiFileCoalescingPartitionReaderBase.$anonfun$readBatch$5:1094
missing withRetry at com.nvidia.spark.rapids.GpuGenerateExec.getSplits:915
missing withRetry at com.nvidia.spark.rapids.GpuJsonTuple.$anonfun$generate$1:64
missing withRetry at com.nvidia.spark.rapids.MultiFileCoalescingPartitionReaderBase.$anonfun$readBatch$5:1094
missing withRetry at com.nvidia.spark.rapids.ColumnarOutputWriter.$anonfun$writeSpillableAndClose$1:207
missing withRetry at com.nvidia.spark.rapids.ColumnarOutputWriter.$anonfun$bufferBatchAndClose$1:245
missing withRetry at com.nvidia.spark.rapids.SamplingUtils$.$anonfun$reservoirSampleAndCount$2:195
missing withRetry at com.nvidia.spark.rapids.SamplingUtils$.$anonfun$reservoirSampleAndCount$3:197
missing withRetry at com.nvidia.spark.rapids.ColumnarOutputWriter.$anonfun$writeSpillableAndClose$1:207
missing withRetry at com.nvidia.spark.rapids.ColumnarOutputWriter.$anonfun$bufferBatchAndClose$1:245
missing withRetry at org.apache.spark.sql.rapids.GpuDynamicPartitionDataSingleWriter.splitBatchByKeyAndClose:503
missing withRetry at org.apache.spark.sql.rapids.GpuDynamicPartitionDataSingleWriter.getKeysBatch:435
missing withRetry at org.apache.spark.sql.rapids.GpuDynamicPartitionDataSingleWriter.$anonfun$splitBatchByKeyAndClose$3:509
missing withRetry at org.apache.spark.sql.rapids.GpuDynamicPartitionDataSingleWriter.copyToHostAsBatch:492
missing withRetry at org.apache.spark.sql.rapids.GpuDynamicPartitionDataSingleWriter.$anonfun$splitBatchByKeyAndClose$14:536
missing withRetry at org.apache.spark.sql.rapids.GpuDynamicPartitionDataSingleWriter.splitBatchByKeyAndClose:503
missing withRetry at org.apache.spark.sql.rapids.GpuDynamicPartitionDataSingleWriter.getKeysBatch:435
missing withRetry at org.apache.spark.sql.rapids.GpuDynamicPartitionDataSingleWriter.$anonfun$splitBatchByKeyAndClose$3:509
missing withRetry at org.apache.spark.sql.rapids.GpuDynamicPartitionDataSingleWriter.copyToHostAsBatch:492
missing withRetry at org.apache.spark.sql.rapids.GpuDynamicPartitionDataSingleWriter.$anonfun$splitBatchByKeyAndClose$14:536
missing withRetry at org.apache.spark.sql.rapids.GpuMurmur3Hash$.compute:107
missing withRetry at com.nvidia.spark.rapids.GpuSorter.appendProjectedColumns:154
missing withRetry at org.apache.spark.sql.rapids.GpuDynamicPartitionDataSingleWriter.$anonfun$getKeysBatch$1:437
missing withRetry at org.apache.spark.sql.rapids.GpuDynamicPartitionDataConcurrentWriter.splitBatchToCacheAndClose:864
missing withRetry at org.apache.spark.sql.rapids.GpuDynamicPartitionDataConcurrentWriter.$anonfun$splitBatchToCacheAndClose$1:865
missing withRetry at org.apache.spark.sql.rapids.GpuDynamicPartitionDataConcurrentWriter.$anonfun$splitBatchToCacheAndClose$1:869
missing withRetry at scala.Option.foreach:407
missing withRetry at org.apache.spark.sql.rapids.GpuDynamicPartitionDataConcurrentWriter.$anonfun$splitBatchToCacheAndClose$13:897
missing withRetry at org.apache.spark.sql.rapids.GpuDynamicPartitionDataConcurrentWriter.$anonfun$splitBatchToCacheAndClose$14:915
missing withRetry at org.apache.spark.sql.rapids.GpuDynamicPartitionDataConcurrentWriter.$anonfun$splitBatchToCacheAndClose$17:917
missing withRetry at org.apache.spark.sql.rapids.GpuDynamicPartitionDataConcurrentWriter$$anon$1.next:775
missing withRetry at com.nvidia.spark.rapids.BatchWithPartitionDataUtils$.addPartitionValuesToBatch:181
missing withRetry at com.nvidia.spark.rapids.BatchWithPartitionData.mergeWithPartitionData:73
missing withRetry at com.nvidia.spark.rapids.BatchWithPartitionData.$anonfun$mergeWithPartitionData$1:81
missing withRetry at com.nvidia.spark.rapids.BatchWithPartitionDataUtils$.addPartitionValuesToBatch:181
missing withRetry at com.nvidia.spark.rapids.BatchWithPartitionData.mergeWithPartitionData:73
missing withRetry at com.nvidia.spark.rapids.BatchWithPartitionData.$anonfun$mergeWithPartitionData$1:81
missing withRetry at scala.Option.foreach:407
missing withRetry at org.apache.spark.sql.rapids.GpuMurmur3Hash$.compute:107
missing withRetry at org.apache.spark.sql.rapids.GpuDynamicPartitionDataSingleWriter.splitBatchByKeyAndClose:503
missing withRetry at org.apache.spark.sql.rapids.GpuDynamicPartitionDataSingleWriter.getKeysBatch:435
missing withRetry at org.apache.spark.sql.rapids.GpuDynamicPartitionDataSingleWriter.$anonfun$getKeysBatch$1:437
missing withRetry at org.apache.spark.sql.rapids.GpuDynamicPartitionDataSingleWriter.$anonfun$splitBatchByKeyAndClose$3:509
missing withRetry at org.apache.spark.sql.rapids.GpuDynamicPartitionDataSingleWriter.copyToHostAsBatch:492
missing withRetry at org.apache.spark.sql.rapids.GpuDynamicPartitionDataSingleWriter.$anonfun$splitBatchByKeyAndClose$14:536
missing withRetry at com.nvidia.spark.rapids.ColumnarOutputWriter.$anonfun$writeSpillableAndClose$1:207
missing withRetry at com.nvidia.spark.rapids.GpuParquetWriter.transformAndClose:337
missing withRetry at com.nvidia.spark.rapids.ColumnarOutputWriter.$anonfun$bufferBatchAndClose$1:245
missing withRetry at com.nvidia.spark.rapids.SpillableColumnarBatchQueueIterator.next:1241
missing withRetry at com.nvidia.spark.rapids.GpuParquetWriter.transformAndClose:337
missing withRetry at com.nvidia.spark.rapids.GpuExplodeBase.$anonfun$generate$6:680
missing withRetry at com.nvidia.spark.rapids.GpuParquetWriter.transformAndClose:337
missing withRetry at com.nvidia.spark.rapids.window.GpuBatchedBoundedWindowIterator.next:157
missing withRetry at com.nvidia.spark.rapids.window.GpuBatchedBoundedWindowIterator.$anonfun$next$1:158
missing withRetry at com.nvidia.spark.rapids.ColumnarOutputWriter.writeSpillableAndClose:225
missing withRetry at org.apache.spark.sql.hive.rapids.GpuHiveTextWriter.transformAndClose:292
missing withRetry at com.nvidia.spark.rapids.GpuSampleExec.$anonfun$internalDoExecuteColumnar$8:1252
missing withRetry at org.apache.spark.sql.rapids.GpuPoissonSampler.$anonfun$sample$2:40
missing withRetry at com.nvidia.spark.rapids.GpuSampleExec.$anonfun$internalDoExecuteColumnar$8:1252
missing withRetry at com.nvidia.spark.rapids.GpuTopN$.sortAndTakeNClose:251
missing withRetry at com.nvidia.spark.rapids.GpuSorter.fullySortBatch:376
missing withRetry at com.nvidia.spark.rapids.GpuTopN$.$anonfun$sortAndTakeNClose$1:252
missing withRetry at com.nvidia.spark.rapids.GpuTopN$.sortAndTakeNClose:251
missing withRetry at com.nvidia.spark.rapids.GpuSorter.fullySortBatch:376
missing withRetry at com.nvidia.spark.rapids.GpuTopN$.$anonfun$sortAndTakeNClose$1:252
missing withRetry at com.nvidia.spark.rapids.GpuTopN$.$anonfun$concatAndClose$1:208
missing withRetry at com.nvidia.spark.rapids.GpuTopN$.$anonfun$concatAndClose$3:212
missing withRetry at com.nvidia.spark.rapids.GpuTopN$.$anonfun$concatAndClose$1:208
missing withRetry at com.nvidia.spark.rapids.GpuTopN$.$anonfun$concatAndClose$3:212
missing withRetry at org.apache.spark.sql.rapids.execution.python.GpuArrowWriter.writeAndClose:92
missing withRetry at org.apache.spark.sql.rapids.execution.python.BatchProducer$$anon$1.next:270
missing withRetry at org.apache.spark.sql.rapids.execution.python.CombiningIterator.next:427
missing withRetry at org.apache.spark.sql.rapids.execution.python.CombiningIterator.$anonfun$concatInputBatch$1:474
missing withRetry at org.apache.spark.sql.rapids.execution.python.CombiningIterator.$anonfun$next$10:434
missing withRetry at org.apache.spark.sql.rapids.execution.python.GpuWindowInPandasExecBase.$anonfun$internalDoExecuteColumnar$18:507
missing withRetry at org.apache.spark.sql.rapids.execution.python.GpuWindowInPandasExecBase.$anonfun$internalDoExecuteColumnar$19:508
missing withRetry at org.apache.spark.sql.rapids.execution.python.GpuArrowWriter.writeAndClose:92
missing withRetry at org.apache.spark.sql.rapids.execution.python.CombiningIterator.next:427
missing withRetry at org.apache.spark.sql.rapids.execution.python.CombiningIterator.$anonfun$concatInputBatch$1:474
missing withRetry at org.apache.spark.sql.rapids.execution.python.CombiningIterator.$anonfun$next$10:434
missing withRetry at org.apache.spark.sql.rapids.execution.python.GroupingIterator.next:123
missing withRetry at org.apache.spark.sql.rapids.execution.python.GroupingIterator.next:147
missing withRetry at org.apache.spark.sql.rapids.execution.python.BatchProducer$$anon$1.next:270
missing withRetry at org.apache.spark.sql.rapids.execution.python.GroupingIterator.next:109
missing withRetry at org.apache.spark.sql.rapids.execution.python.GpuAggregateInPandasExec.$anonfun$internalDoExecuteColumnar$4:142
missing withRetry at org.apache.spark.sql.rapids.execution.python.BatchProducer$BatchQueueImpl.$anonfun$add$1:310
missing withRetry at org.apache.spark.sql.rapids.execution.python.GpuAggregateInPandasExec.$anonfun$internalDoExecuteColumnar$12:184
missing withRetry at org.apache.spark.sql.rapids.execution.python.GpuAggregateInPandasExec.$anonfun$internalDoExecuteColumnar$16:208
missing withRetry at org.apache.spark.sql.rapids.execution.python.BatchGroupedIterator.next:288
missing withRetry at org.apache.spark.sql.rapids.execution.python.BatchGroupedIterator.next:316
missing withRetry at com.nvidia.spark.rapids.window.GpuCachedDoublePassWindowIterator.$anonfun$firstPassComputeAndCache$1:225
missing withRetry at com.nvidia.spark.rapids.window.GpuCachedDoublePassWindowIterator.$anonfun$firstPassComputeAndCache$4:235
missing withRetry at com.nvidia.spark.rapids.window.GpuCachedDoublePassWindowIterator.$anonfun$next$1:311
missing withRetry at com.nvidia.spark.rapids.window.GpuCachedDoublePassWindowIterator.postProcess:145
missing withRetry at org.apache.spark.sql.rapids.execution.python.GpuWindowInPandasExecBase.$anonfun$internalDoExecuteColumnar$18:507
missing withRetry at org.apache.spark.sql.rapids.execution.python.GpuWindowInPandasExecBase.$anonfun$internalDoExecuteColumnar$19:508
missing withRetry at org.apache.spark.sql.rapids.execution.python.GpuMapInBatchExec.$anonfun$internalDoExecuteColumnar$2:86
missing withRetry at com.nvidia.spark.rapids.window.GpuCachedDoublePassWindowIterator.$anonfun$firstPassComputeAndCache$1:225
missing withRetry at com.nvidia.spark.rapids.window.BasicWindowCalc.$anonfun$computeBasicWindow$1:768
missing withRetry at com.nvidia.spark.rapids.window.GpuCachedDoublePassWindowIterator.$anonfun$firstPassComputeAndCache$4:235
missing withRetry at com.nvidia.spark.rapids.window.GpuCachedDoublePassWindowIterator.$anonfun$next$1:311
missing withRetry at com.nvidia.spark.rapids.window.GpuCachedDoublePassWindowIterator.postProcess:145
missing withRetry at com.nvidia.spark.rapids.window.GpuBatchedBoundedWindowIterator.next:157
missing withRetry at com.nvidia.spark.rapids.window.GpuBatchedBoundedWindowIterator.$anonfun$next$1:158
missing withRetry at com.nvidia.spark.rapids.window.GpuRunningWindowIterator.$anonfun$computeRunningAndClose$1:120
missing withRetry at com.nvidia.spark.rapids.window.GpuRunningWindowIterator.$anonfun$computeRunningAndClose$4:127
missing withRetry at com.nvidia.spark.rapids.window.GpuRunningWindowIterator.$anonfun$computeRunningAndClose$1:120
missing withRetry at com.nvidia.spark.rapids.window.BasicWindowCalc.$anonfun$computeBasicWindow$1:768
missing withRetry at com.nvidia.spark.rapids.window.GpuBatchedBoundedWindowIterator.next:157
missing withRetry at com.nvidia.spark.rapids.window.GpuBatchedBoundedWindowIterator.$anonfun$next$1:158
missing withRetry at com.nvidia.spark.rapids.window.GpuRunningWindowIterator.$anonfun$computeRunningAndClose$4:127
missing withRetry at com.nvidia.spark.rapids.GpuKeyBatchingIterator.getKeyCutoff:63
missing withRetry at com.nvidia.spark.rapids.GpuKeyBatchingIterator.splitAndCloseBatch:173
missing withRetry at com.nvidia.spark.rapids.GpuKeyBatchingIterator.getKeyCutoff:63
missing withRetry at com.nvidia.spark.rapids.GpuKeyBatchingIterator.splitAndCloseBatch:173
missing withRetry at org.apache.spark.sql.rapids.execution.python.BatchGroupUtils$.$anonfun$projectAndGroup$1:173
missing withRetry at org.apache.spark.sql.rapids.execution.python.BatchGroupedIterator.next:288
missing withRetry at org.apache.spark.sql.rapids.execution.python.BatchGroupedIterator.next:316
missing withRetry at org.apache.spark.sql.rapids.execution.python.BatchGroupUtils$$anon$1.next:209
missing withRetry at com.nvidia.spark.rapids.window.GpuRunningWindowIterator.$anonfun$computeRunningAndClose$6:131
missing withRetry at com.nvidia.spark.rapids.window.GpuBatchedBoundedWindowIterator.getNextInputBatch:103
missing withRetry at com.nvidia.spark.rapids.window.GpuRunningWindowIterator.$anonfun$computeRunningAndClose$1:120
missing withRetry at com.nvidia.spark.rapids.window.BasicWindowCalc.$anonfun$computeBasicWindow$1:768
missing withRetry at com.nvidia.spark.rapids.window.GpuRunningWindowIterator.$anonfun$computeRunningAndClose$4:127
missing withRetry at com.nvidia.spark.rapids.window.GpuRunningWindowIterator.$anonfun$computeRunningAndClose$6:131
missing withRetry at org.apache.spark.sql.rapids.execution.python.GpuMapInBatchExec.$anonfun$internalDoExecuteColumnar$2:86
missing withRetry at com.nvidia.spark.rapids.window.GpuCachedDoublePassWindowIterator.$anonfun$firstPassComputeAndCache$5:262
missing withRetry at org.apache.spark.sql.rapids.execution.python.CoGroupedIterator.getHostKeyBatch:585
missing withRetry at com.nvidia.spark.rapids.window.GpuRunningWindowIterator.$anonfun$computeRunningAndClose$1:120
missing withRetry at com.nvidia.spark.rapids.window.BasicWindowCalc.$anonfun$computeBasicWindow$1:768
missing withRetry at com.nvidia.spark.rapids.window.GpuRunningWindowIterator.$anonfun$computeRunningAndClose$4:127
missing withRetry at com.nvidia.spark.rapids.window.GpuBatchedBoundedWindowIterator.next:157
missing withRetry at com.nvidia.spark.rapids.window.GpuBatchedBoundedWindowIterator.$anonfun$next$1:158
missing withRetry at com.nvidia.spark.rapids.window.GpuBatchedBoundedWindowIterator.getNextInputBatch:103
missing withRetry at com.nvidia.spark.rapids.window.GpuRunningWindowIterator.$anonfun$computeRunningAndClose$6:131
missing withRetry at com.nvidia.spark.rapids.window.GpuBatchedBoundedWindowIterator.getNextInputBatch:103
missing withRetry at com.nvidia.spark.rapids.GpuKeyBatchingIterator.getKeyCutoff:63
missing withRetry at com.nvidia.spark.rapids.GpuKeyBatchingIterator.splitAndCloseBatch:173
missing withRetry at com.nvidia.spark.rapids.window.GpuBatchedBoundedWindowIterator.next:157
missing withRetry at com.nvidia.spark.rapids.window.GpuBatchedBoundedWindowIterator.$anonfun$next$1:158
missing withRetry at com.nvidia.spark.rapids.window.GpuBatchedBoundedWindowIterator.getNextInputBatch:103
missing withRetry at com.nvidia.spark.rapids.window.GpuRunningWindowIterator.$anonfun$computeRunningAndClose$6:131
missing withRetry at com.nvidia.spark.rapids.window.GpuCachedDoublePassWindowIterator.$anonfun$firstPassComputeAndCache$1:225
missing withRetry at com.nvidia.spark.rapids.window.GpuCachedDoublePassWindowIterator.$anonfun$firstPassComputeAndCache$4:235
missing withRetry at com.nvidia.spark.rapids.window.GpuCachedDoublePassWindowIterator.$anonfun$next$1:311
missing withRetry at com.nvidia.spark.rapids.window.GpuCachedDoublePassWindowIterator.postProcess:145
missing withRetry at com.nvidia.spark.rapids.GpuSorter.appendProjectedColumns:154
missing withRetry at com.nvidia.spark.rapids.window.GpuUnboundedToUnboundedAggWindowFirstPassIterator.$anonfun$next$3:216
missing withRetry at com.nvidia.spark.rapids.window.GpuUnboundedToUnboundedAggWindowFirstPassIterator.$anonfun$next$4:217
missing withRetry at com.nvidia.spark.rapids.window.GpuBatchedBoundedWindowIterator.getNextInputBatch:103
missing withRetry at com.nvidia.spark.rapids.GpuKeyBatchingIterator.getKeyCutoff:63
missing withRetry at com.nvidia.spark.rapids.GpuKeyBatchingIterator.splitAndCloseBatch:173
missing withRetry at com.nvidia.spark.rapids.GpuSpillableProjectedSortEachBatchIterator$.$anonfun$apply$4:222
missing withRetry at com.nvidia.spark.rapids.GpuSorter.appendProjectedAndSort:356
missing withRetry at com.nvidia.spark.rapids.window.GpuRunningWindowIterator.$anonfun$computeRunningAndClose$1:120
missing withRetry at com.nvidia.spark.rapids.window.BasicWindowCalc.$anonfun$computeBasicWindow$1:768
missing withRetry at com.nvidia.spark.rapids.window.GpuRunningWindowIterator.$anonfun$computeRunningAndClose$4:127
missing withRetry at com.nvidia.spark.rapids.window.GpuBatchedBoundedWindowIterator.next:157
missing withRetry at com.nvidia.spark.rapids.window.GpuBatchedBoundedWindowIterator.$anonfun$next$1:158
missing withRetry at com.nvidia.spark.rapids.window.GpuBatchedBoundedWindowIterator.getNextInputBatch:103
missing withRetry at com.nvidia.spark.rapids.GpuSpillableProjectedSortEachBatchIterator$.$anonfun$apply$4:222
missing withRetry at com.nvidia.spark.rapids.GpuSorter.appendProjectedAndSort:356
missing withRetry at com.nvidia.spark.rapids.window.GpuRunningWindowIterator.$anonfun$computeRunningAndClose$1:120
missing withRetry at com.nvidia.spark.rapids.window.BasicWindowCalc.$anonfun$computeBasicWindow$1:768
missing withRetry at com.nvidia.spark.rapids.window.GpuRunningWindowIterator.$anonfun$computeRunningAndClose$4:127
missing withRetry at com.nvidia.spark.rapids.window.GpuBatchedBoundedWindowIterator.next:157
missing withRetry at com.nvidia.spark.rapids.window.GpuBatchedBoundedWindowIterator.$anonfun$next$1:158
missing withRetry at com.nvidia.spark.rapids.GpuSpillableProjectedSortEachBatchIterator$.$anonfun$apply$4:222
missing withRetry at com.nvidia.spark.rapids.GpuSorter.appendProjectedColumns:154
missing withRetry at com.nvidia.spark.rapids.GpuSorter.appendProjectedAndSort:356
missing withRetry at com.nvidia.spark.rapids.window.GpuBatchedBoundedWindowIterator.getNextInputBatch:103
missing withRetry at com.nvidia.spark.rapids.window.GpuRunningWindowIterator.$anonfun$computeRunningAndClose$1:120
missing withRetry at com.nvidia.spark.rapids.window.BasicWindowCalc.$anonfun$computeBasicWindow$1:768
missing withRetry at com.nvidia.spark.rapids.window.GpuRunningWindowIterator.$anonfun$computeRunningAndClose$4:127
missing withRetry at com.nvidia.spark.rapids.window.GpuBatchedBoundedWindowIterator.next:157
missing withRetry at com.nvidia.spark.rapids.window.GpuBatchedBoundedWindowIterator.$anonfun$next$1:158
missing withRetry at com.nvidia.spark.rapids.window.GpuBatchedBoundedWindowIterator.getNextInputBatch:103
missing withRetry at com.nvidia.spark.rapids.GpuSpillableProjectedSortEachBatchIterator$.$anonfun$apply$4:222
missing withRetry at com.nvidia.spark.rapids.GpuSorter.appendProjectedAndSort:356
missing withRetry at com.nvidia.spark.rapids.window.GpuRunningWindowIterator.$anonfun$computeRunningAndClose$1:120
missing withRetry at com.nvidia.spark.rapids.window.BasicWindowCalc.$anonfun$computeBasicWindow$1:768
missing withRetry at com.nvidia.spark.rapids.window.GpuRunningWindowIterator.$anonfun$computeRunningAndClose$4:127
missing withRetry at com.nvidia.spark.rapids.window.GpuBatchedBoundedWindowIterator.next:157
missing withRetry at com.nvidia.spark.rapids.window.GpuBatchedBoundedWindowIterator.$anonfun$next$1:158
missing withRetry at com.nvidia.spark.rapids.GpuSpillableProjectedSortEachBatchIterator$.$anonfun$apply$4:222
missing withRetry at com.nvidia.spark.rapids.GpuSorter.appendProjectedAndSort:356
missing withRetry at com.nvidia.spark.rapids.window.GpuRunningWindowIterator.$anonfun$computeRunningAndClose$1:120
missing withRetry at com.nvidia.spark.rapids.window.BasicWindowCalc.$anonfun$computeBasicWindow$1:768
missing withRetry at com.nvidia.spark.rapids.window.GpuRunningWindowIterator.$anonfun$computeRunningAndClose$4:127
missing withRetry at com.nvidia.spark.rapids.window.GpuBatchedBoundedWindowIterator.next:157
missing withRetry at com.nvidia.spark.rapids.window.GpuBatchedBoundedWindowIterator.$anonfun$next$1:158
missing withRetry at com.nvidia.spark.rapids.window.GpuBatchedBoundedWindowIterator.getNextInputBatch:103
missing withRetry at com.nvidia.spark.rapids.window.GpuBatchedBoundedWindowIterator.getNextInputBatch:103
missing withRetry at com.nvidia.spark.rapids.window.GpuRunningWindowIterator.$anonfun$computeRunningAndClose$6:131
missing withRetry at com.nvidia.spark.rapids.window.GpuCachedDoublePassWindowIterator.$anonfun$firstPassComputeAndCache$1:225
missing withRetry at com.nvidia.spark.rapids.window.GpuCachedDoublePassWindowIterator.$anonfun$firstPassComputeAndCache$4:235
missing withRetry at com.nvidia.spark.rapids.window.GpuCachedDoublePassWindowIterator.$anonfun$next$1:311
missing withRetry at com.nvidia.spark.rapids.window.GpuCachedDoublePassWindowIterator.postProcess:145
missing withRetry at com.nvidia.spark.rapids.window.GpuRunningWindowIterator.$anonfun$computeRunningAndClose$6:131
missing withRetry at com.nvidia.spark.rapids.window.GpuCachedDoublePassWindowIterator.$anonfun$firstPassComputeAndCache$1:225
missing withRetry at com.nvidia.spark.rapids.window.GpuCachedDoublePassWindowIterator.$anonfun$firstPassComputeAndCache$4:235
missing withRetry at com.nvidia.spark.rapids.window.GpuCachedDoublePassWindowIterator.$anonfun$next$1:311
missing withRetry at com.nvidia.spark.rapids.window.GpuCachedDoublePassWindowIterator.postProcess:145
missing withRetry at com.nvidia.spark.rapids.GpuSorter.appendProjectedColumns:154
missing withRetry at com.nvidia.spark.rapids.window.GpuRunningWindowIterator.$anonfun$computeRunningAndClose$6:131
missing withRetry at com.nvidia.spark.rapids.window.GpuCachedDoublePassWindowIterator.$anonfun$firstPassComputeAndCache$1:225
missing withRetry at com.nvidia.spark.rapids.window.GpuCachedDoublePassWindowIterator.$anonfun$firstPassComputeAndCache$4:235
missing withRetry at com.nvidia.spark.rapids.window.GpuCachedDoublePassWindowIterator.$anonfun$next$1:311
missing withRetry at com.nvidia.spark.rapids.window.GpuCachedDoublePassWindowIterator.postProcess:145
missing withRetry at com.nvidia.spark.rapids.GpuSpillableProjectedSortEachBatchIterator$.$anonfun$apply$4:222
missing withRetry at com.nvidia.spark.rapids.GpuSorter.appendProjectedAndSort:356
missing withRetry at com.nvidia.spark.rapids.window.GpuRunningWindowIterator.$anonfun$computeRunningAndClose$1:120
missing withRetry at com.nvidia.spark.rapids.window.BasicWindowCalc.$anonfun$computeBasicWindow$1:768
missing withRetry at com.nvidia.spark.rapids.window.GpuRunningWindowIterator.$anonfun$computeRunningAndClose$4:127
missing withRetry at com.nvidia.spark.rapids.window.GpuBatchedBoundedWindowIterator.next:157
missing withRetry at com.nvidia.spark.rapids.window.GpuBatchedBoundedWindowIterator.$anonfun$next$1:158
missing withRetry at com.nvidia.spark.rapids.window.GpuBatchedBoundedWindowIterator.getNextInputBatch:103
missing withRetry at com.nvidia.spark.rapids.window.GpuRunningWindowIterator.$anonfun$computeRunningAndClose$6:131
missing withRetry at com.nvidia.spark.rapids.window.GpuCachedDoublePassWindowIterator.$anonfun$firstPassComputeAndCache$1:225
missing withRetry at com.nvidia.spark.rapids.window.GpuCachedDoublePassWindowIterator.$anonfun$firstPassComputeAndCache$4:235
missing withRetry at com.nvidia.spark.rapids.window.GpuCachedDoublePassWindowIterator.$anonfun$next$1:311
missing withRetry at com.nvidia.spark.rapids.window.GpuCachedDoublePassWindowIterator.postProcess:145
missing withRetry at com.nvidia.spark.rapids.window.GpuRunningWindowIterator.$anonfun$computeRunningAndClose$6:131
missing withRetry at com.nvidia.spark.rapids.window.GpuCachedDoublePassWindowIterator.$anonfun$firstPassComputeAndCache$1:225
missing withRetry at com.nvidia.spark.rapids.window.GpuCachedDoublePassWindowIterator.$anonfun$firstPassComputeAndCache$4:235
missing withRetry at com.nvidia.spark.rapids.window.GpuCachedDoublePassWindowIterator.$anonfun$next$1:311
missing withRetry at com.nvidia.spark.rapids.window.GpuCachedDoublePassWindowIterator.postProcess:145
missing withRetry at com.nvidia.spark.rapids.GpuSpillableProjectedSortEachBatchIterator$.$anonfun$apply$4:222
missing withRetry at com.nvidia.spark.rapids.GpuSorter.appendProjectedAndSort:356
missing withRetry at com.nvidia.spark.rapids.window.GpuRunningWindowIterator.$anonfun$computeRunningAndClose$1:120
missing withRetry at com.nvidia.spark.rapids.window.BasicWindowCalc.$anonfun$computeBasicWindow$1:768
missing withRetry at com.nvidia.spark.rapids.GpuSpillableProjectedSortEachBatchIterator$.$anonfun$apply$4:222
missing withRetry at com.nvidia.spark.rapids.GpuSorter.appendProjectedAndSort:356
missing withRetry at com.nvidia.spark.rapids.GpuSpillableProjectedSortEachBatchIterator$.$anonfun$apply$4:222
missing withRetry at com.nvidia.spark.rapids.GpuSorter.appendProjectedAndSort:356
missing withRetry at com.nvidia.spark.rapids.window.GpuCachedDoublePassWindowIterator.$anonfun$firstPassComputeAndCache$1:225
missing withRetry at com.nvidia.spark.rapids.window.BasicWindowCalc.$anonfun$computeBasicWindow$1:768
missing withRetry at com.nvidia.spark.rapids.window.GpuCachedDoublePassWindowIterator.$anonfun$firstPassComputeAndCache$4:235
missing withRetry at com.nvidia.spark.rapids.window.GpuCachedDoublePassWindowIterator.$anonfun$next$1:311
missing withRetry at com.nvidia.spark.rapids.window.GpuCachedDoublePassWindowIterator.postProcess:145
missing withRetry at com.nvidia.spark.rapids.window.GpuRunningWindowIterator.$anonfun$computeRunningAndClose$1:120
missing withRetry at com.nvidia.spark.rapids.window.BasicWindowCalc.$anonfun$computeBasicWindow$1:768
missing withRetry at com.nvidia.spark.rapids.window.GpuRunningWindowIterator.$anonfun$computeRunningAndClose$4:127
missing withRetry at com.nvidia.spark.rapids.window.GpuRunningWindowIterator.$anonfun$computeRunningAndClose$6:131
missing withRetry at com.nvidia.spark.rapids.GpuSpillableProjectedSortEachBatchIterator$.$anonfun$apply$4:222
missing withRetry at com.nvidia.spark.rapids.GpuSorter.appendProjectedAndSort:356
missing withRetry at com.nvidia.spark.rapids.window.GpuBatchedBoundedWindowIterator.next:157
missing withRetry at com.nvidia.spark.rapids.window.GpuBatchedBoundedWindowIterator.$anonfun$next$1:158
missing withRetry at com.nvidia.spark.rapids.window.BasicWindowCalc.$anonfun$computeBasicWindow$1:768
missing withRetry at com.nvidia.spark.rapids.GpuSpillableProjectedSortEachBatchIterator$.$anonfun$apply$4:222
missing withRetry at com.nvidia.spark.rapids.GpuSorter.appendProjectedAndSort:356
missing withRetry at com.nvidia.spark.rapids.GpuKeyBatchingIterator.getKeyCutoff:63
missing withRetry at com.nvidia.spark.rapids.GpuKeyBatchingIterator.splitAndCloseBatch:173
missing withRetry at com.nvidia.spark.rapids.window.GpuBatchedBoundedWindowIterator.next:157
missing withRetry at com.nvidia.spark.rapids.window.GpuBatchedBoundedWindowIterator.$anonfun$next$1:158
missing withRetry at com.nvidia.spark.rapids.window.BasicWindowCalc.$anonfun$computeBasicWindow$1:768
missing withRetry at com.nvidia.spark.rapids.window.GpuBatchedBoundedWindowIterator.getNextInputBatch:103
missing withRetry at com.nvidia.spark.rapids.GpuSpillableProjectedSortEachBatchIterator$.$anonfun$apply$4:222
missing withRetry at com.nvidia.spark.rapids.GpuSorter.appendProjectedAndSort:356
missing withRetry at com.nvidia.spark.rapids.window.GpuBatchedBoundedWindowIterator.next:157
missing withRetry at com.nvidia.spark.rapids.window.GpuBatchedBoundedWindowIterator.$anonfun$next$1:158
missing withRetry at com.nvidia.spark.rapids.window.GpuRunningWindowIterator.$anonfun$computeRunningAndClose$1:120
missing withRetry at com.nvidia.spark.rapids.window.BasicWindowCalc.$anonfun$computeBasicWindow$1:768
missing withRetry at com.nvidia.spark.rapids.window.GpuRunningWindowIterator.$anonfun$computeRunningAndClose$4:127
missing withRetry at com.nvidia.spark.rapids.window.GpuRunningWindowIterator.$anonfun$computeRunningAndClose$6:131
missing withRetry at com.nvidia.spark.rapids.window.GpuRunningWindowIterator.$anonfun$computeRunningAndClose$1:120
missing withRetry at com.nvidia.spark.rapids.window.GpuRunningWindowIterator.$anonfun$computeRunningAndClose$4:127
missing withRetry at com.nvidia.spark.rapids.SamplingUtils$.reservoirSampleAndCount:175
missing withRetry at com.nvidia.spark.rapids.SamplingUtils$.reservoirSampleAndCount:224
missing withRetry at com.nvidia.spark.rapids.SamplingUtils$.reservoirSampleAndCount:228
missing withRetry at com.nvidia.spark.rapids.window.GpuCachedDoublePassWindowIterator.$anonfun$firstPassComputeAndCache$5:262
missing withRetry at com.nvidia.spark.rapids.window.GpuRunningWindowIterator.$anonfun$computeRunningAndClose$4:127
missing withRetry at com.nvidia.spark.rapids.GpuKeyBatchingIterator.getKeyCutoff:63
missing withRetry at com.nvidia.spark.rapids.GpuKeyBatchingIterator.splitAndCloseBatch:173
missing withRetry at com.nvidia.spark.rapids.GpuSorter.appendProjectedColumns:154
missing withRetry at com.nvidia.spark.rapids.window.GpuCachedDoublePassWindowIterator.$anonfun$firstPassComputeAndCache$1:225
missing withRetry at com.nvidia.spark.rapids.window.GpuCachedDoublePassWindowIterator.$anonfun$firstPassComputeAndCache$4:235
missing withRetry at com.nvidia.spark.rapids.window.GpuCachedDoublePassWindowIterator.$anonfun$next$1:311
missing withRetry at com.nvidia.spark.rapids.window.GpuCachedDoublePassWindowIterator.postProcess:145
missing withRetry at com.nvidia.spark.rapids.SamplingUtils$.reservoirSampleAndCount:175
missing withRetry at com.nvidia.spark.rapids.SamplingUtils$.reservoirSampleAndCount:224
missing withRetry at com.nvidia.spark.rapids.SamplingUtils$.reservoirSampleAndCount:228
missing withRetry at com.nvidia.spark.rapids.window.GpuCachedDoublePassWindowIterator.$anonfun$firstPassComputeAndCache$1:225
missing withRetry at com.nvidia.spark.rapids.window.GpuCachedDoublePassWindowIterator.$anonfun$firstPassComputeAndCache$4:235
missing withRetry at com.nvidia.spark.rapids.window.GpuCachedDoublePassWindowIterator.$anonfun$next$1:311
missing withRetry at com.nvidia.spark.rapids.window.GpuCachedDoublePassWindowIterator.postProcess:145
missing withRetry at com.nvidia.spark.rapids.window.GpuRunningWindowIterator.$anonfun$computeRunningAndClose$6:131
missing withRetry at com.nvidia.spark.rapids.GpuKeyBatchingIterator.getKeyCutoff:63
missing withRetry at com.nvidia.spark.rapids.GpuKeyBatchingIterator.splitAndCloseBatch:173
missing withRetry at com.nvidia.spark.rapids.GpuKeyBatchingIterator.getKeyCutoff:63
missing withRetry at com.nvidia.spark.rapids.GpuKeyBatchingIterator.splitAndCloseBatch:173
missing withRetry at com.nvidia.spark.rapids.window.GpuRunningWindowIterator.$anonfun$computeRunningAndClose$1:120
missing withRetry at com.nvidia.spark.rapids.window.GpuRunningWindowIterator.$anonfun$computeRunningAndClose$4:127
missing withRetry at com.nvidia.spark.rapids.window.GpuRunningWindowIterator.$anonfun$computeRunningAndClose$6:131
missing withRetry at com.nvidia.spark.rapids.window.GpuBatchedBoundedWindowIterator.getNextInputBatch:103
missing withRetry at com.nvidia.spark.rapids.window.GpuCachedDoublePassWindowIterator.$anonfun$firstPassComputeAndCache$5:262
missing withRetry at com.nvidia.spark.rapids.GpuSorter.appendProjectedColumns:154
missing withRetry at com.nvidia.spark.rapids.window.GpuRunningWindowIterator.$anonfun$computeRunningAndClose$1:120
missing withRetry at com.nvidia.spark.rapids.window.GpuRunningWindowIterator.$anonfun$computeRunningAndClose$4:127
missing withRetry at com.nvidia.spark.rapids.window.GpuBatchedBoundedWindowIterator.next:157
missing withRetry at com.nvidia.spark.rapids.window.GpuBatchedBoundedWindowIterator.$anonfun$next$1:158
missing withRetry at com.nvidia.spark.rapids.window.GpuBatchedBoundedWindowIterator.getNextInputBatch:103
missing withRetry at com.nvidia.spark.rapids.window.GpuBatchedBoundedWindowIterator.next:157
missing withRetry at com.nvidia.spark.rapids.window.GpuBatchedBoundedWindowIterator.$anonfun$next$1:158
missing withRetry at com.nvidia.spark.rapids.window.GpuBatchedBoundedWindowIterator.getNextInputBatch:103
missing withRetry at com.nvidia.spark.rapids.SamplingUtils$.reservoirSampleAndCount:175
missing withRetry at com.nvidia.spark.rapids.SamplingUtils$.reservoirSampleAndCount:224
missing withRetry at com.nvidia.spark.rapids.SamplingUtils$.reservoirSampleAndCount:228
missing withRetry at com.nvidia.spark.rapids.SamplingUtils$.reservoirSampleAndCount:175
missing withRetry at com.nvidia.spark.rapids.SamplingUtils$.reservoirSampleAndCount:224
missing withRetry at com.nvidia.spark.rapids.SamplingUtils$.reservoirSampleAndCount:228
missing withRetry at com.nvidia.spark.rapids.SpillableHostConcatResultFromColumnarBatchIterator.next:1197
missing withRetry at com.nvidia.spark.rapids.GpuShuffledSizedHashJoinExec.doSmallBuildJoin:500
missing withRetry at com.nvidia.spark.rapids.GpuShuffledSizedHashJoinExec$$anon$1.next:478
missing withRetry at com.nvidia.spark.rapids.MultiJoinGather.gatherNext:755
missing withRetry at com.nvidia.spark.rapids.MultiJoinGather.$anonfun$gatherNext$4:756
missing withRetry at com.nvidia.spark.rapids.AggHelper.$anonfun$aggregateWithoutCombine$3:493
missing withRetry at com.nvidia.spark.rapids.SamplingUtils$.reservoirSampleAndCount:175
missing withRetry at com.nvidia.spark.rapids.SamplingUtils$.reservoirSampleAndCount:224
missing withRetry at com.nvidia.spark.rapids.SamplingUtils$.reservoirSampleAndCount:228
missing withRetry at com.nvidia.spark.rapids.window.GpuUnboundedToUnboundedAggWindowFirstPassIterator.$anonfun$next$3:216
missing withRetry at com.nvidia.spark.rapids.window.GpuUnboundedToUnboundedAggWindowFirstPassIterator.$anonfun$next$4:217
missing withRetry at com.nvidia.spark.rapids.window.GpuBatchedBoundedWindowIterator.next:157
missing withRetry at com.nvidia.spark.rapids.window.GpuBatchedBoundedWindowIterator.$anonfun$next$1:158
missing withRetry at com.nvidia.spark.rapids.window.GpuBatchedBoundedWindowIterator.getNextInputBatch:103
missing withRetry at com.nvidia.spark.rapids.window.GpuBatchedBoundedWindowIterator.getNextInputBatch:103
missing withRetry at com.nvidia.spark.rapids.GpuSorter.appendProjectedColumns:154
missing withRetry at com.nvidia.spark.rapids.GpuSpillableProjectedSortEachBatchIterator$.$anonfun$apply$4:222
missing withRetry at com.nvidia.spark.rapids.GpuSorter.appendProjectedAndSort:356
missing withRetry at com.nvidia.spark.rapids.window.GpuRunningWindowIterator.$anonfun$computeRunningAndClose$1:120
missing withRetry at com.nvidia.spark.rapids.window.BasicWindowCalc.$anonfun$computeBasicWindow$1:768
missing withRetry at com.nvidia.spark.rapids.window.GpuRunningWindowIterator.$anonfun$computeRunningAndClose$4:127
missing withRetry at com.nvidia.spark.rapids.window.GpuBatchedBoundedWindowIterator.next:157
missing withRetry at com.nvidia.spark.rapids.window.GpuBatchedBoundedWindowIterator.$anonfun$next$1:158
missing withRetry at com.nvidia.spark.rapids.window.GpuBatchedBoundedWindowIterator.getNextInputBatch:103
missing withRetry at com.nvidia.spark.rapids.GpuSpillableProjectedSortEachBatchIterator$.$anonfun$apply$4:222
missing withRetry at com.nvidia.spark.rapids.GpuSorter.appendProjectedAndSort:356
missing withRetry at com.nvidia.spark.rapids.window.GpuRunningWindowIterator.$anonfun$computeRunningAndClose$1:120
missing withRetry at com.nvidia.spark.rapids.window.BasicWindowCalc.$anonfun$computeBasicWindow$1:768
missing withRetry at com.nvidia.spark.rapids.window.GpuRunningWindowIterator.$anonfun$computeRunningAndClose$4:127
missing withRetry at com.nvidia.spark.rapids.window.GpuBatchedBoundedWindowIterator.next:157
missing withRetry at com.nvidia.spark.rapids.window.GpuBatchedBoundedWindowIterator.$anonfun$next$1:158
missing withRetry at com.nvidia.spark.rapids.window.GpuBatchedBoundedWindowIterator.getNextInputBatch:103
missing withRetry at com.nvidia.spark.rapids.GpuSpillableProjectedSortEachBatchIterator$.$anonfun$apply$4:222
missing withRetry at com.nvidia.spark.rapids.GpuSorter.appendProjectedColumns:154
missing withRetry at com.nvidia.spark.rapids.GpuSorter.appendProjectedAndSort:356
missing withRetry at com.nvidia.spark.rapids.window.GpuRunningWindowIterator.$anonfun$computeRunningAndClose$1:120
missing withRetry at com.nvidia.spark.rapids.window.BasicWindowCalc.$anonfun$computeBasicWindow$1:768
missing withRetry at com.nvidia.spark.rapids.window.GpuRunningWindowIterator.$anonfun$computeRunningAndClose$4:127
missing withRetry at com.nvidia.spark.rapids.window.GpuBatchedBoundedWindowIterator.next:157
missing withRetry at com.nvidia.spark.rapids.window.GpuBatchedBoundedWindowIterator.$anonfun$next$1:158
missing withRetry at com.nvidia.spark.rapids.window.GpuBatchedBoundedWindowIterator.getNextInputBatch:103
missing withRetry at com.nvidia.spark.rapids.GpuSpillableProjectedSortEachBatchIterator$.$anonfun$apply$4:222
missing withRetry at com.nvidia.spark.rapids.GpuSorter.appendProjectedAndSort:356
missing withRetry at com.nvidia.spark.rapids.window.GpuRunningWindowIterator.$anonfun$computeRunningAndClose$1:120
missing withRetry at com.nvidia.spark.rapids.window.BasicWindowCalc.$anonfun$computeBasicWindow$1:768
missing withRetry at com.nvidia.spark.rapids.window.GpuRunningWindowIterator.$anonfun$computeRunningAndClose$4:127
missing withRetry at com.nvidia.spark.rapids.window.GpuBatchedBoundedWindowIterator.next:157
missing withRetry at com.nvidia.spark.rapids.window.GpuBatchedBoundedWindowIterator.$anonfun$next$1:158
missing withRetry at com.nvidia.spark.rapids.GpuSpillableProjectedSortEachBatchIterator$.$anonfun$apply$4:222
missing withRetry at com.nvidia.spark.rapids.GpuSorter.appendProjectedAndSort:356
missing withRetry at com.nvidia.spark.rapids.window.GpuRunningWindowIterator.$anonfun$computeRunningAndClose$1:120
missing withRetry at com.nvidia.spark.rapids.window.BasicWindowCalc.$anonfun$computeBasicWindow$1:768
missing withRetry at com.nvidia.spark.rapids.window.GpuRunningWindowIterator.$anonfun$computeRunningAndClose$4:127
missing withRetry at com.nvidia.spark.rapids.window.GpuBatchedBoundedWindowIterator.next:157
missing withRetry at com.nvidia.spark.rapids.window.GpuBatchedBoundedWindowIterator.$anonfun$next$1:158
missing withRetry at com.nvidia.spark.rapids.window.GpuBatchedBoundedWindowIterator.getNextInputBatch:103
missing withRetry at com.nvidia.spark.rapids.window.GpuBatchedBoundedWindowIterator.getNextInputBatch:103
missing withRetry at com.nvidia.spark.rapids.window.GpuRunningWindowIterator.$anonfun$computeRunningAndClose$6:131
missing withRetry at com.nvidia.spark.rapids.window.GpuCachedDoublePassWindowIterator.$anonfun$firstPassComputeAndCache$1:225
missing withRetry at com.nvidia.spark.rapids.window.GpuCachedDoublePassWindowIterator.$anonfun$firstPassComputeAndCache$4:235
missing withRetry at com.nvidia.spark.rapids.window.GpuCachedDoublePassWindowIterator.$anonfun$next$1:311
missing withRetry at com.nvidia.spark.rapids.window.GpuCachedDoublePassWindowIterator.postProcess:145
missing withRetry at com.nvidia.spark.rapids.window.GpuRunningWindowIterator.$anonfun$computeRunningAndClose$6:131
missing withRetry at com.nvidia.spark.rapids.window.GpuCachedDoublePassWindowIterator.$anonfun$firstPassComputeAndCache$1:225
missing withRetry at com.nvidia.spark.rapids.window.GpuCachedDoublePassWindowIterator.$anonfun$firstPassComputeAndCache$4:235
missing withRetry at com.nvidia.spark.rapids.window.GpuCachedDoublePassWindowIterator.$anonfun$next$1:311
missing withRetry at com.nvidia.spark.rapids.window.GpuCachedDoublePassWindowIterator.postProcess:145
missing withRetry at com.nvidia.spark.rapids.window.GpuRunningWindowIterator.$anonfun$computeRunningAndClose$6:131
missing withRetry at com.nvidia.spark.rapids.window.GpuCachedDoublePassWindowIterator.$anonfun$firstPassComputeAndCache$1:225
missing withRetry at com.nvidia.spark.rapids.window.GpuCachedDoublePassWindowIterator.$anonfun$firstPassComputeAndCache$4:235
missing withRetry at com.nvidia.spark.rapids.window.GpuCachedDoublePassWindowIterator.$anonfun$next$1:311
missing withRetry at com.nvidia.spark.rapids.window.GpuCachedDoublePassWindowIterator.postProcess:145
missing withRetry at com.nvidia.spark.rapids.GpuSpillableProjectedSortEachBatchIterator$.$anonfun$apply$4:222
missing withRetry at com.nvidia.spark.rapids.GpuSorter.appendProjectedAndSort:356
missing withRetry at com.nvidia.spark.rapids.window.GpuRunningWindowIterator.$anonfun$computeRunningAndClose$1:120
missing withRetry at com.nvidia.spark.rapids.window.BasicWindowCalc.$anonfun$computeBasicWindow$1:768
missing withRetry at com.nvidia.spark.rapids.window.GpuRunningWindowIterator.$anonfun$computeRunningAndClose$4:127
missing withRetry at com.nvidia.spark.rapids.window.GpuBatchedBoundedWindowIterator.next:157
missing withRetry at com.nvidia.spark.rapids.window.GpuBatchedBoundedWindowIterator.$anonfun$next$1:158
missing withRetry at com.nvidia.spark.rapids.window.GpuBatchedBoundedWindowIterator.getNextInputBatch:103
missing withRetry at com.nvidia.spark.rapids.GpuSorter.appendProjectedColumns:154
missing withRetry at com.nvidia.spark.rapids.window.GpuRunningWindowIterator.$anonfun$computeRunningAndClose$6:131
missing withRetry at com.nvidia.spark.rapids.window.GpuCachedDoublePassWindowIterator.$anonfun$firstPassComputeAndCache$1:225
missing withRetry at com.nvidia.spark.rapids.window.GpuCachedDoublePassWindowIterator.$anonfun$firstPassComputeAndCache$4:235
missing withRetry at com.nvidia.spark.rapids.window.GpuCachedDoublePassWindowIterator.$anonfun$next$1:311
missing withRetry at com.nvidia.spark.rapids.window.GpuCachedDoublePassWindowIterator.postProcess:145
missing withRetry at com.nvidia.spark.rapids.window.GpuRunningWindowIterator.$anonfun$computeRunningAndClose$6:131
missing withRetry at com.nvidia.spark.rapids.window.GpuCachedDoublePassWindowIterator.$anonfun$firstPassComputeAndCache$1:225
missing withRetry at com.nvidia.spark.rapids.window.GpuCachedDoublePassWindowIterator.$anonfun$firstPassComputeAndCache$4:235
missing withRetry at com.nvidia.spark.rapids.window.GpuCachedDoublePassWindowIterator.$anonfun$next$1:311
missing withRetry at com.nvidia.spark.rapids.window.GpuCachedDoublePassWindowIterator.postProcess:145
